Microsoft Windows [VersiÃ³n 10.0.22631.3235]
(c) Microsoft Corporation. Todos los derechos reservados.

C:\Users\abrah>cd

C:\Users\abrah>cd C:\Program Files\MySQL\MySQL Server 8.0\bin

C:\Program Files\MySQL\MySQL Server 8.0\bin>mysqldump
Usage: mysqldump [OPTIONS] database [tables]
OR     mysqldump [OPTIONS] --databases [OPTIONS] DB1 [DB2 DB3...]
OR     mysqldump [OPTIONS] --all-databases [OPTIONS]
For more options, use mysqldump --help

C:\Program Files\MySQL\MySQL Server 8.0\bin>mysql
ERROR 1045 (28000): Access denied for user 'ODBC'@'localhost' (using password: NO)

C:\Program Files\MySQL\MySQL Server 8.0\bin>mysql -u root -p
Enter password: *****
Welcome to the MySQL monitor.  Commands end with ; or \g.
Your MySQL connection id is 10
Server version: 8.0.36 MySQL Community Server - GPL

Copyright (c) 2000, 2024, Oracle and/or its affiliates.

Oracle is a registered trademark of Oracle Corporation and/or its
affiliates. Other names may be trademarks of their respective
owners.

Type 'help;' or '\h' for help. Type '\c' to clear the current input statement.

mysql> show databases;
+--------------------+
| Database           |
+--------------------+
| human_resources    |
| information_schema |
| mysql              |
| orders             |
| performance_schema |
| sakila             |
| sys                |
| world              |
+--------------------+
8 rows in set (0.00 sec)

mysql> exit
Bye

C:\Program Files\MySQL\MySQL Server 8.0\bin>prompt @$f

@)mysqldump -u root -p human_resources > Base2_dump.sql
Acceso denegado.

@)mysqldump -u root -p human_resources > C:\Dumps\Base2_dump.sql
Enter password: *****

@)mysqldump -u root -p credit_cards > C:\Dumps\Base3_dump.sql
Enter password: *****

@)
